{"data":{"id":"BRANCH_1","type":"branches","attributes":{"name":"Branch 1","address":"Address 1","phone":"Phone 1","email":"Email 1","website":"Website 1"},"relationships":{"media":{"data":[{"type":"media","id":"9b9b3d43-a758-4bcc-83c6-315d7b284907"}]}}},"included":[{"id":"9b9b3d43-a758-4bcc-83c6-315d7b284907","type":"media","attributes":{"collection_name":"image","file_name":"1-800x600.jpg","custom_properties":[],"generated_conversions":{"list":"http:\/\/test-app\/storage\/media\/1\/conversions\/1-800x600-list.jpg","thumb":"http:\/\/test-app\/storage\/media\/1\/conversions\/1-800x600-thumb.jpg"},"type":"image"}}]}