{"data":{"id":"9b9b3d43-a775-4cd1-8454-e405e2fea459","type":"categories","attributes":{"name":"test name","description":"test description"},"relationships":{"parent":{"data":{"type":"categories","id":"9b9b3d43-a229-462a-9c26-5a7873c15730"}}}},"included":[{"id":"9b9b3d43-a229-462a-9c26-5a7873c15730","type":"categories","attributes":{"name":"test parent name","description":"test parent description"},"relationships":{"media":{"data":[{"type":"media","id":"9b9b3d43-a758-4bcc-83c6-315d7b284907"}]}}},{"id":"9b9b3d43-a758-4bcc-83c6-315d7b284907","type":"media","attributes":{"collection_name":"image","file_name":"1-800x600.jpg","custom_properties":[],"generated_conversions":{"list":"http:\/\/test-app\/storage\/media\/1\/conversions\/1-800x600-list.jpg","thumb":"http:\/\/test-app\/storage\/media\/1\/conversions\/1-800x600-thumb.jpg"},"type":"image"}}]}