{"data":{"id":"samsung-galaxy-s21","type":"products","attributes":{"parent_sku":"sku sample","name":"Samsung Galaxy S21","description":"sample description","status":"in-stock"},"relationships":{"brand":{"data":{"type":"brands","id":"test-brand","meta":{}},"meta":{},"links":{}}},"meta":{},"links":{}},"included":[{"id":"test-brand","type":"brands","attributes":{"name":"test brand"},"relationships":{},"meta":{},"links":{}}],"jsonapi":{"version":"1.0","meta":{}}}