{"data":{"id":"9b9b3d43-a775-4cd1-8454-e405e2fea459","type":"products","attributes":{"parent_sku":"sku sample","name":"Samsung Galaxy S21","description":"sample description","status":"in_stock"},"relationships":{"media":{"data":[{"type":"media","id":"9b9b3d43-a77f-427b-98fa-3639c2443665"}]}}},"included":[{"id":"9b9b3d43-a77f-427b-98fa-3639c2443665","type":"media","attributes":{"collection_name":"image","file_name":"1-800x600.jpg","custom_properties":[],"generated_conversions":{"list":"http:\/\/test-app\/storage\/media\/2\/conversions\/1-800x600-list.jpg","thumb":"http:\/\/test-app\/storage\/media\/2\/conversions\/1-800x600-thumb.jpg"},"type":"image"}}]}