{"data":{"id":"samsung-galaxy-s21","type":"products","attributes":{"parent_sku":"sku sample","name":"Samsung Galaxy S21","description":"sample description","status":"in-stock"},"relationships":{"category":{"data":null,"meta":{},"links":{}}},"meta":{},"links":{}},"included":[],"jsonapi":{"version":"1.0","meta":{}}}